
> app@0.1.0 build
> next build

   ▲ Next.js 16.0.6 (Turbopack)
   - Environments: .env

   Creating an optimized production build ...

> Build error occurred
Error: Turbopack build failed with 1 errors:
./components/ui/file-upload.tsx:3:1
Module not found: Can't resolve 'lucide-react'
[0m [90m 1 |[39m [32m"use client"[39m[33m;[39m
 [90m 2 |[39m
[31m[1m>[22m[39m[90m 3 |[39m [36mimport[39m { [33mUpload[39m[33m,[39m [33mX[39m[33m,[39m [33mFileText[39m } [36mfrom[39m [32m"lucide-react"[39m[33m;[39m
 [90m   |[39m [31m[1m^[22m[39m[31m[1m^[22m[39m[31m[1m^[22m[39m[31m[1m^[22m[39m[31m[1m^[22m[39m[31m[1m^[22m[39m[31m[1m^[22m[39m[31m[1m^[22m[39m[31m[1m^[22m[39m[31m[1m^[22m[39m[31m[1m^[22m[39m[31m[1m^[22m[39m[31m[1m^[22m[39m[31m[1m^[22m[39m[31m[1m^[22m[39m[31m[1m^[22m[39m[31m[1m^[22m[39m[31m[1m^[22m[39m[31m[1m^[22m[39m[31m[1m^[22m[39m[31m[1m^[22m[39m[31m[1m^[22m[39m[31m[1m^[22m[39m[31m[1m^[22m[39m[31m[1m^[22m[39m[31m[1m^[22m[39m[31m[1m^[22m[39m[31m[1m^[22m[39m[31m[1m^[22m[39m[31m[1m^[22m[39m[31m[1m^[22m[39m[31m[1m^[22m[39m[31m[1m^[22m[39m[31m[1m^[22m[39m[31m[1m^[22m[39m[31m[1m^[22m[39m[31m[1m^[22m[39m[31m[1m^[22m[39m[31m[1m^[22m[39m[31m[1m^[22m[39m[31m[1m^[22m[39m[31m[1m^[22m[39m[31m[1m^[22m[39m[31m[1m^[22m[39m[31m[1m^[22m[39m[31m[1m^[22m[39m[31m[1m^[22m[39m[31m[1m^[22m[39m[31m[1m^[22m[39m[31m[1m^[22m[39m[31m[1m^[22m[39m
 [90m 4 |[39m [36mimport[39m { useState[33m,[39m useRef } [36mfrom[39m [32m"react"[39m[33m;[39m
 [90m 5 |[39m
 [90m 6 |[39m [36minterface[39m [33mFileUploadProps[39m {[0m



Import traces:
  Client Component Browser:
    ./components/ui/file-upload.tsx [Client Component Browser]
    ./app/wholesaler/verify/page.tsx [Client Component Browser]
    ./app/wholesaler/verify/page.tsx [Server Component]

  Client Component SSR:
    ./components/ui/file-upload.tsx [Client Component SSR]
    ./app/wholesaler/verify/page.tsx [Client Component SSR]
    ./app/wholesaler/verify/page.tsx [Server Component]

https://nextjs.org/docs/messages/module-not-found


    at <unknown> (./components/ui/file-upload.tsx:3:1)
    at <unknown> (https://nextjs.org/docs/messages/module-not-found)
